INFO     root:conftest.py:14 preconditions started
